// Jest Snapshot v1, https://goo.gl/fbAQLP

exports[`Pruebas en AddCategory debe mostrar el componente correctamente 1`] = `
<form
  onSubmit={[Function]}
>
  <input
    className="nes-input"
    onChange={[Function]}
    type="text"
    value=""
  />
  <button
    className="nes-btn"
    onSubmit={[Function]}
  >
    Ver Gifs
  </button>
</form>
`;
