// Jest Snapshot v1, https://goo.gl/fbAQLP

exports[`Pruebas en GifGridItem debe mostrar el componente correctamente 1`] = `
<div
  className="card animate__animated animate__fadeIn nes-container is-rounded "
>
  <img
    alt="titulo"
    className="image"
    src="https://localhost/algo.jpg"
  />
  <p
    className="title"
  >
    titulo
  </p>
</div>
`;
