// Jest Snapshot v1, https://goo.gl/fbAQLP

exports[`Pruebas en GifGrid debe mostrar el componente correctamente 1`] = `
<Fragment>
  <h3>
    Kobe
  </h3>
  <p
    className="animate__animated animate__flash"
  >
    Loading...
  </p>
  <div
    className="card-grid"
  />
</Fragment>
`;

exports[`Pruebas en GifGrid debe mostrar items cuando se cargan im√°genes con useFetchGifs 1`] = `
<Fragment>
  <h3>
    Kobe
  </h3>
  <div
    className="card-grid"
  >
    <GifGridItem
      id="ABC"
      key="ABC"
      title="cualquier cosa"
      url="https://localhost/cualquier/cosa.jpg"
    />
    <GifGridItem
      id="145"
      key="145"
      title="cualquier cosa"
      url="https://localhost/cualquier/cosa.jpg"
    />
  </div>
</Fragment>
`;
